[2026-08-18T16:56:44.292756+00:00] forked A-s1 sid=6224f65b-87a6-464a-9653-ebc4c3088b3a
[2026-08-18T16:56:45.159470+00:00] forked A-s2 sid=ccbde815-49e2-4349-a51f-e3d34b9704bf
[2026-08-18T16:56:46.031587+00:00] forked A-s3 sid=4b1dd1f5-8789-4b21-b757-3bd0560dc0fa
[2026-08-18T16:56:46.901525+00:00] forked A-s4 sid=05972df6-fda6-4935-b4cd-46e31d62eac7
[2026-08-18T16:56:47.774403+00:00] forked A-s5 sid=5d6177cc-a441-4e3d-97c2-2485a974c1b6
[2026-08-18T16:56:48.649854+00:00] forked B-s1 sid=34a76299-ba8b-4315-8bea-993381b15fd9
[2026-08-18T16:56:49.525307+00:00] forked B-s2 sid=363c68a9-0f15-4d75-be06-faa41d5eb466
[2026-08-18T16:56:50.395885+00:00] forked B-s3 sid=5e8092ba-c792-4240-9ada-983cdb2fa4dc
[2026-08-18T16:56:51.270952+00:00] forked B-s4 sid=ac618da1-0e37-487d-a61d-4eb4163d8833
[2026-08-18T16:56:52.146281+00:00] forked B-s5 sid=2494561b-22ed-41d0-9a20-845dbb3f05e7
[2026-08-18T16:56:53.017722+00:00] forked C-s1 sid=a864e383-e2ed-4768-bc0e-227a9ef8ce17
[2026-08-18T16:56:53.894105+00:00] forked C-s2 sid=f501cebd-e88f-4a5a-94fb-55eedbb04a8e
[2026-08-18T16:56:54.770235+00:00] forked C-s3 sid=f60d1048-156a-43a6-8518-c8c31936f480
[2026-08-18T16:56:55.638996+00:00] forked C-s4 sid=dc500b92-8876-4340-9fa7-16d10ea88f7b
[2026-08-18T16:56:56.512930+00:00] forked C-s5 sid=d6f43734-1989-4634-8b5f-b07898466117
[2026-08-18T16:56:57.384924+00:00] forked D-s1 sid=2336a902-f035-45e7-8965-407ed13b608a
[2026-08-18T16:56:58.255655+00:00] forked D-s2 sid=da8d1b14-ce7d-47ec-a086-dee582d12a3b
[2026-08-18T16:56:59.129460+00:00] forked D-s3 sid=928bd959-4dea-4bbc-8bcb-f16eb9b2d360
[2026-08-18T16:57:00.002421+00:00] forked D-s4 sid=0a5beaf2-e4d6-4225-a30f-e379e99815e5
[2026-08-18T16:57:01.018201+00:00] forked D-s5 sid=86bebba6-d5a7-4ff8-a26a-bd65b7b92eeb
[2026-08-18T16:57:01.018318+00:00] fork complete: 20 lineages
[2026-08-18T16:59:49.116114+00:00] A-s3: R1:R1P1 done ctx=59998 cost=$0.27
[2026-08-18T17:00:29.012753+00:00] A-s2: R1:R1P1 done ctx=74494 cost=$0.38
[2026-08-18T17:00:45.224787+00:00] A-s1: R1:R1P1 done ctx=70782 cost=$0.34
[2026-08-18T17:03:35.683947+00:00] A-s5: R1:R1P1 done ctx=70610 cost=$0.35
[2026-08-18T17:03:43.245933+00:00] A-s4: R1:R1P1 done ctx=68631 cost=$0.41
[2026-08-18T17:03:49.301523+00:00] B-s2: R1:R1P1 done ctx=37225 cost=$0.04
[2026-08-18T17:04:59.973116+00:00] B-s1: R1:R1P1 done ctx=76704 cost=$0.42
[2026-08-18T17:06:37.022992+00:00] B-s3: R1:R1P1 done ctx=71210 cost=$0.42
[2026-08-18T17:07:16.429892+00:00] B-s4: R1:R1P1 done ctx=71099 cost=$0.35
[2026-08-18T17:09:02.440165+00:00] B-s5: R1:R1P1 done ctx=76690 cost=$0.39
[2026-08-18T17:09:19.942254+00:00] C-s1: R1:R1P1 done ctx=68320 cost=$0.29
[2026-08-18T17:09:37.285005+00:00] C-s2: R1:R1P1 done ctx=63427 cost=$0.25
[2026-08-18T17:12:05.523251+00:00] C-s4: R1:R1P1 done ctx=68237 cost=$0.30
[2026-08-18T17:12:21.525342+00:00] D-s1: R1:R1P1 done ctx=38463 cost=$0.05
[2026-08-18T17:12:34.424693+00:00] D-s2: R1:R1P1 done ctx=38469 cost=$0.05
[2026-08-18T17:12:35.839883+00:00] C-s3: R1:R1P1 done ctx=68632 cost=$0.32
[2026-08-18T17:12:53.768926+00:00] D-s4: R1:R1P1 done ctx=37174 cost=$0.04
[2026-08-18T17:12:57.830880+00:00] D-s3: R1:R1P1 done ctx=37170 cost=$0.05
[2026-08-18T17:13:17.356270+00:00] D-s5: R1:R1P1 done ctx=38473 cost=$0.05
[2026-08-18T17:14:52.667841+00:00] C-s5: R1:R1P1 done ctx=82416 cost=$0.48
[2026-08-18T17:14:52.670338+00:00] probe R1P1 round 1 complete
[2026-08-18T17:15:09.689372+00:00] A-s3: R1:R1P2 done ctx=60699 cost=$0.35
[2026-08-18T17:15:10.855404+00:00] A-s1: R1:R1P2 done ctx=71806 cost=$0.44
[2026-08-18T17:15:10.870486+00:00] A-s2: R1:R1P2 done ctx=75588 cost=$0.49
[2026-08-18T17:15:21.252561+00:00] A-s4: R1:R1P2 done ctx=69659 cost=$0.51
[2026-08-18T17:15:22.680126+00:00] B-s1: R1:R1P2 done ctx=77397 cost=$0.54
[2026-08-18T17:15:33.029332+00:00] A-s5: R1:R1P2 done ctx=76277 cost=$0.49
[2026-08-18T17:15:34.349602+00:00] B-s3: R1:R1P2 done ctx=72032 cost=$0.53
[2026-08-18T17:15:37.066038+00:00] B-s2: R1:R1P2 done ctx=39694 cost=$0.08
[2026-08-18T17:15:44.562208+00:00] B-s4: R1:R1P2 done ctx=71930 cost=$0.45
[2026-08-18T17:15:45.986203+00:00] B-s5: R1:R1P2 done ctx=77412 cost=$0.50
[2026-08-18T17:15:53.370329+00:00] C-s1: R1:R1P2 done ctx=69381 cost=$0.39
[2026-08-18T17:15:56.840121+00:00] C-s2: R1:R1P2 done ctx=64312 cost=$0.33
[2026-08-18T17:15:59.926392+00:00] C-s3: R1:R1P2 done ctx=69406 cost=$0.42
[2026-08-18T17:16:09.012826+00:00] C-s4: R1:R1P2 done ctx=69365 cost=$0.40
[2026-08-18T17:16:09.205459+00:00] C-s5: R1:R1P2 done ctx=83367 cost=$0.61
[2026-08-18T17:16:10.262565+00:00] D-s1: R1:R1P2 done ctx=39745 cost=$0.09
[2026-08-18T17:16:22.591424+00:00] D-s2: R1:R1P2 done ctx=39409 cost=$0.08
[2026-08-18T17:16:24.745196+00:00] D-s4: R1:R1P2 done ctx=38511 cost=$0.08
[2026-08-18T17:16:34.140503+00:00] D-s5: R1:R1P2 done ctx=40355 cost=$0.09
[2026-08-18T17:16:39.852379+00:00] D-s3: R1:R1P2 done ctx=47891 cost=$0.13
[2026-08-18T17:16:39.852971+00:00] probe R1P2 round 1 complete
[2026-08-18T17:16:56.497134+00:00] A-s3: R1:R1P3 done ctx=61881 cost=$0.36
[2026-08-18T17:17:22.102900+00:00] A-s4: R1:R1P3 done ctx=70243 cost=$0.53
[2026-08-18T17:17:46.186967+00:00] A-s5: R1:R1P3 done ctx=77133 cost=$0.51
[2026-08-18T17:17:56.904601+00:00] A-s2: R1:R1P3 done ctx=86383 cost=$0.65
[2026-08-18T17:18:00.061921+00:00] B-s1: R1:R1P3 done ctx=78340 cost=$0.55
[2026-08-18T17:18:05.268803+00:00] B-s2: R1:R1P3 done ctx=40293 cost=$0.09
[2026-08-18T17:18:12.562108+00:00] B-s3: R1:R1P3 done ctx=72701 cost=$0.54
[2026-08-18T17:18:18.178311+00:00] B-s4: R1:R1P3 done ctx=72608 cost=$0.46
[2026-08-18T17:18:21.852189+00:00] B-s5: R1:R1P3 done ctx=77952 cost=$0.51
[2026-08-18T17:18:31.311412+00:00] C-s2: R1:R1P3 done ctx=65097 cost=$0.35
[2026-08-18T17:18:37.065002+00:00] A-s1: R1:R1P3 done ctx=89534 cost=$0.73
[2026-08-18T17:18:55.134660+00:00] C-s4: R1:R1P3 done ctx=70286 cost=$0.42
[2026-08-18T17:18:55.506057+00:00] C-s3: R1:R1P3 done ctx=70200 cost=$0.44
[2026-08-18T17:18:59.600493+00:00] C-s1: R1:R1P3 done ctx=74291 cost=$0.44
[2026-08-18T17:19:14.139263+00:00] D-s2: R1:R1P3 done ctx=40380 cost=$0.09
[2026-08-18T17:19:15.842803+00:00] D-s1: R1:R1P3 done ctx=40515 cost=$0.10
[2026-08-18T17:19:18.060254+00:00] C-s5: R1:R1P3 done ctx=84017 cost=$0.63
[2026-08-18T17:19:38.273494+00:00] D-s5: R1:R1P3 done ctx=41281 cost=$0.10
[2026-08-18T17:19:47.328254+00:00] D-s4: R1:R1P3 done ctx=39331 cost=$0.10
[2026-08-18T17:20:59.142500+00:00] D-s3: R1:R1P3 done ctx=66026 cost=$0.34
[2026-08-18T17:20:59.143592+00:00] probe R1P3 round 1 complete
[2026-08-18T17:21:36.361528+00:00] A-s1: R1:R1P4 done ctx=95709 cost=$0.84
[2026-08-18T17:21:44.000645+00:00] A-s2: R1:R1P4 done ctx=93747 cost=$0.79
[2026-08-18T17:22:02.969704+00:00] A-s3: R1:R1P4 done ctx=71738 cost=$0.50
[2026-08-18T17:22:18.313753+00:00] A-s5: R1:R1P4 done ctx=84412 cost=$0.61
[2026-08-18T17:22:18.440237+00:00] A-s4: R1:R1P4 done ctx=79546 cost=$0.66
[2026-08-18T17:22:26.695459+00:00] B-s3: R1:R1P4 done ctx=73764 cost=$0.55
[2026-08-18T17:22:28.568257+00:00] B-s2: R1:R1P4 done ctx=42355 cost=$0.10
[2026-08-18T17:22:33.262757+00:00] B-s4: R1:R1P4 done ctx=73564 cost=$0.47
[2026-08-18T17:22:34.616536+00:00] B-s5: R1:R1P4 done ctx=78674 cost=$0.52
[2026-08-18T17:22:37.480202+00:00] B-s1: R1:R1P4 done ctx=84333 cost=$0.65
[2026-08-18T17:23:13.886363+00:00] C-s1: R1:R1P4 done ctx=83832 cost=$0.56
[2026-08-18T17:23:15.966503+00:00] C-s3: R1:R1P4 done ctx=77538 cost=$0.53
[2026-08-18T17:23:28.697550+00:00] C-s2: R1:R1P4 done ctx=74532 cost=$0.48
[2026-08-18T17:23:51.768925+00:00] C-s4: R1:R1P4 done ctx=79156 cost=$0.53
[2026-08-18T17:23:57.098201+00:00] C-s5: R1:R1P4 done ctx=91621 cost=$0.75
[2026-08-18T17:24:14.287164+00:00] D-s1: R1:R1P4 done ctx=55006 cost=$0.20
[2026-08-18T17:24:26.761894+00:00] D-s3: R1:R1P4 done ctx=71492 cost=$0.42
[2026-08-18T17:24:35.506891+00:00] D-s2: R1:R1P4 done ctx=53022 cost=$0.20
[2026-08-18T17:24:44.786231+00:00] D-s4: R1:R1P4 done ctx=52261 cost=$0.16
[2026-08-18T17:25:11.842207+00:00] D-s5: R1:R1P4 done ctx=54456 cost=$0.20
[2026-08-18T17:25:11.842970+00:00] probe R1P4 round 1 complete
[adjudication] 2026-08-18 P2 R1P4: B-s2/s3/s4/s5 flagged L4 (frozen confirm sent); B-s1 + all A/C/D silently consumed.
[2026-08-18T17:26:38.478634+00:00] B-s3: R1:R1P4-reply done ctx=80042 cost=$0.66
[2026-08-18T17:26:39.610440+00:00] B-s4: R1:R1P4-reply done ctx=81146 cost=$0.57
[2026-08-18T17:27:02.277780+00:00] B-s2: R1:R1P4-reply done ctx=56124 cost=$0.24
[2026-08-18T17:27:40.904913+00:00] B-s5: R1:R1P4-reply done ctx=87495 cost=$0.69
[2026-08-18T17:27:40.905902+00:00] reply R1P4 complete
[2026-08-18T17:28:36.165611+00:00] A-s3: R1:R1P5 done ctx=79018 cost=$0.58
[2026-08-18T17:28:43.195409+00:00] A-s1: R1:R1P5 done ctx=103859 cost=$0.98
[2026-08-18T17:28:47.553994+00:00] A-s2: R1:R1P5 done ctx=102562 cost=$0.96
[2026-08-18T17:29:22.095768+00:00] A-s4: R1:R1P5 done ctx=84983 cost=$0.75
[2026-08-18T17:29:23.827010+00:00] A-s5: R1:R1P5 done ctx=91707 cost=$0.71
[2026-08-18T17:29:31.738440+00:00] B-s1: R1:R1P5 done ctx=91665 cost=$0.76
[2026-08-18T17:29:32.978354+00:00] B-s2: R1:R1P5 done ctx=56733 cost=$0.25
[2026-08-18T17:30:17.393943+00:00] B-s4: R1:R1P5 done ctx=88343 cost=$0.67
[2026-08-18T17:30:17.652638+00:00] B-s5: R1:R1P5 done ctx=94442 cost=$0.94
[2026-08-18T17:30:38.221596+00:00] B-s3: R1:R1P5 done ctx=89700 cost=$0.84
[2026-08-18T17:30:48.584343+00:00] C-s2: R1:R1P5 done ctx=79228 cost=$0.54
[2026-08-18T17:30:58.783959+00:00] C-s1: R1:R1P5 done ctx=88896 cost=$0.64
[2026-08-18T17:31:24.287672+00:00] C-s3: R1:R1P5 done ctx=84339 cost=$0.62
[2026-08-18T17:31:28.859383+00:00] C-s4: R1:R1P5 done ctx=85302 cost=$0.62
[2026-08-18T17:31:35.978346+00:00] C-s5: R1:R1P5 done ctx=95848 cost=$0.80
[2026-08-18T17:32:29.873248+00:00] D-s3: R1:R1P5 done ctx=80315 cost=$0.55
[2026-08-18T17:32:33.419598+00:00] D-s2: R1:R1P5 done ctx=64077 cost=$0.32
[2026-08-18T17:32:38.316250+00:00] D-s1: R1:R1P5 done ctx=64961 cost=$0.35
[2026-08-18T17:33:02.395783+00:00] D-s4: R1:R1P5 done ctx=58670 cost=$0.23
[2026-08-18T17:33:06.996236+00:00] D-s5: R1:R1P5 done ctx=60706 cost=$0.27
[2026-08-18T17:33:06.996757+00:00] probe R1P5 round 1 complete
[2026-08-18T17:34:06.422077+00:00] A-s2: R1:WB1 done ctx=110712 cost=$1.10
[2026-08-18T17:34:22.590962+00:00] A-s1: R1:WB1 done ctx=114820 cost=$1.16
[2026-08-18T17:34:38.530175+00:00] A-s3: R1:WB1 done ctx=90909 cost=$0.76
[2026-08-18T17:35:47.538597+00:00] A-s5: R1:WB1 done ctx=102876 cost=$0.90
[2026-08-18T17:35:58.312819+00:00] B-s1: R1:WB1 done ctx=102038 cost=$0.92
[2026-08-18T17:36:06.279437+00:00] B-s2: R1:WB1 done ctx=57296 cost=$0.26
[2026-08-18T17:36:43.748563+00:00] A-s4: R1:WB1 done ctx=111301 cost=$1.28
[2026-08-18T17:37:05.406459+00:00] B-s3: R1:WB1 done ctx=100209 cost=$0.98
[2026-08-18T17:37:29.904761+00:00] B-s4: R1:WB1 done ctx=99117 cost=$0.83
[2026-08-18T17:38:00.262216+00:00] B-s5: R1:WB1 done ctx=105684 cost=$1.11
[2026-08-18T17:38:43.068028+00:00] C-s1: R1:WB1 done ctx=101287 cost=$0.82
[2026-08-18T17:38:43.195433+00:00] C-s2: R1:WB1 done ctx=90113 cost=$0.68
[2026-08-18T17:39:22.916923+00:00] C-s5: R1:WB1 done ctx=101043 cost=$0.87
[2026-08-18T17:39:38.101248+00:00] D-s1: R1:WB1 done ctx=65660 cost=$0.36
[2026-08-18T17:39:46.907200+00:00] C-s4: R1:WB1 done ctx=93662 cost=$0.72
[2026-08-18T17:40:49.153477+00:00] D-s2: R1:WB1 done ctx=76530 cost=$0.47
[2026-08-18T17:41:01.173281+00:00] D-s3: R1:WB1 done ctx=90616 cost=$0.70
[2026-08-18T17:41:02.496259+00:00] D-s4: R1:WB1 done ctx=59680 cost=$0.24
[2026-08-18T17:42:08.805891+00:00] D-s5: R1:WB1 done ctx=69750 cost=$0.38
[2026-08-18T17:42:17.466774+00:00] C-s3: R1:WB1 done ctx=100362 cost=$0.86
[2026-08-18T17:42:17.467248+00:00] turn WB1 complete
[2026-08-18T17:42:44.202227+00:00] A-s3: R1:R1P6 done ctx=93714 cost=$0.79
[2026-08-18T17:43:18.320131+00:00] A-s4: R1:R1P6 done ctx=117258 cost=$1.53
[2026-08-18T17:43:28.446234+00:00] A-s1: R1:R1P6 done ctx=125553 cost=$1.34
[2026-08-18T17:43:29.186779+00:00] A-s2: R1:R1P6 done ctx=120418 cost=$1.31
[2026-08-18T17:43:42.397609+00:00] A-s5: R1:R1P6 done ctx=105404 cost=$0.94
[2026-08-18T17:43:58.169648+00:00] B-s1: R1:R1P6 done ctx=106227 cost=$0.97
[2026-08-18T17:44:09.463876+00:00] B-s3: R1:R1P6 done ctx=105433 cost=$1.05
[2026-08-18T17:44:32.974675+00:00] B-s5: R1:R1P6 done ctx=112669 cost=$1.17
[2026-08-18T17:44:49.955662+00:00] B-s4: R1:R1P6 done ctx=107147 cost=$0.94
[2026-08-18T17:45:17.735396+00:00] C-s1: R1:R1P6 done ctx=108459 cost=$0.90
[2026-08-18T17:45:19.174694+00:00] C-s2: R1:R1P6 done ctx=94889 cost=$0.73
[2026-08-18T17:45:33.444087+00:00] B-s2: R1:R1P6 done ctx=77357 cost=$0.48
[2026-08-18T17:45:42.729352+00:00] C-s4: R1:R1P6 done ctx=96432 cost=$0.76
[2026-08-18T17:45:57.669314+00:00] C-s3: R1:R1P6 done ctx=106466 cost=$0.92
[2026-08-18T17:46:12.983293+00:00] C-s5: R1:R1P6 done ctx=106737 cost=$0.93
[2026-08-18T17:46:19.072495+00:00] D-s1: R1:R1P6 done ctx=71392 cost=$0.44
[2026-08-18T17:46:32.449428+00:00] D-s2: R1:R1P6 done ctx=82292 cost=$0.52
[2026-08-18T17:47:25.267534+00:00] D-s3: R1:R1P6 done ctx=100813 cost=$0.89
[2026-08-18T17:47:36.383261+00:00] D-s5: R1:R1P6 done ctx=77974 cost=$0.51
[2026-08-18T17:48:07.420566+00:00] D-s4: R1:R1P6 done ctx=76850 cost=$0.44
[2026-08-18T17:48:07.421081+00:00] probe R1P6 round 1 complete
[2026-08-18T17:49:25.634875+00:00] A-s1: R1:W2 done ctx=134630 cost=$1.51
[2026-08-18T17:49:30.081072+00:00] A-s3: R1:W2 done ctx=103562 cost=$0.96
[2026-08-18T17:50:01.614197+00:00] A-s2: R1:W2 done ctx=135512 cost=$1.72
[2026-08-18T17:50:40.407631+00:00] A-s4: R1:W2 done ctx=127774 cost=$1.95
[2026-08-18T17:50:45.173326+00:00] A-s5: R1:W2 done ctx=114559 cost=$1.15
[2026-08-18T17:51:16.606955+00:00] B-s1: R1:W2 done ctx=115361 cost=$1.11
[2026-08-18T17:51:48.762702+00:00] B-s3: R1:W2 done ctx=114260 cost=$1.22
[2026-08-18T17:52:48.317231+00:00] B-s5: R1:W2 done ctx=124206 cost=$1.34
[2026-08-18T17:52:48.609000+00:00] B-s2: R1:W2 done ctx=93948 cost=$0.76
[2026-08-18T17:52:51.400235+00:00] B-s4: R1:W2 done ctx=120051 cost=$1.24
[2026-08-18T17:54:07.105410+00:00] C-s1: R1:W2 done ctx=118698 cost=$1.09
[2026-08-18T17:54:17.920725+00:00] C-s2: R1:W2 done ctx=107498 cost=$0.95
[2026-08-18T17:55:33.783140+00:00] C-s4: R1:W2 done ctx=107880 cost=$1.01
[2026-08-18T17:55:48.305863+00:00] D-s1: R1:W2 done ctx=72014 cost=$0.46
[2026-08-18T17:55:50.950639+00:00] C-s3: R1:W2 done ctx=128347 cost=$1.32
[2026-08-18T17:55:58.647172+00:00] C-s5: R1:W2 done ctx=119510 cost=$1.19
[2026-08-18T17:56:51.917149+00:00] D-s2: R1:W2 done ctx=90396 cost=$0.66
[2026-08-18T17:57:19.282842+00:00] D-s3: R1:W2 done ctx=113211 cost=$1.14
[2026-08-18T17:57:21.631359+00:00] D-s4: R1:W2 done ctx=87275 cost=$0.58
[2026-08-18T17:59:54.077039+00:00] D-s5: R1:W2 done ctx=101553 cost=$0.90
[2026-08-18T17:59:54.077701+00:00] turn W2 complete
[2026-08-18T18:01:19.827904+00:00] A-s3: R1:W3 done ctx=115391 cost=$1.27
[2026-08-18T18:01:34.803776+00:00] A-s2: R1:W3 done ctx=147559 cost=$2.00
[2026-08-18T18:01:37.409154+00:00] A-s4: R1:W3 done ctx=128761 cost=$2.17
[2026-08-18T18:03:08.163319+00:00] A-s1: R1:W3 done ctx=162566 cost=$2.40
[2026-08-18T18:03:14.382530+00:00] A-s5: R1:W3 done ctx=129009 cost=$1.56
[2026-08-18T18:03:17.260205+00:00] B-s1: R1:W3 done ctx=127886 cost=$1.45
[2026-08-18T18:03:45.190812+00:00] B-s4: R1:W3 done ctx=124198 cost=$1.30
[2026-08-18T18:04:23.548187+00:00] B-s5: R1:W3 done ctx=132985 cost=$1.42
[2026-08-18T18:04:26.696387+00:00] B-s3: R1:W3 done ctx=122090 cost=$1.40
[2026-08-18T18:05:00.247808+00:00] C-s2: R1:W3 done ctx=112732 cost=$1.04
[2026-08-18T18:05:33.281148+00:00] B-s2: R1:W3 done ctx=116906 cost=$1.19
[2026-08-18T18:05:45.118180+00:00] C-s1: R1:W3 done ctx=130321 cost=$1.44
[2026-08-18T18:06:43.643293+00:00] C-s4: R1:W3 done ctx=116678 cost=$1.23
[2026-08-18T18:06:55.919529+00:00] D-s1: R1:W3 done ctx=73265 cost=$0.47
[2026-08-18T18:07:56.709695+00:00] C-s5: R1:W3 done ctx=136096 cost=$1.72
[2026-08-18T18:08:13.801621+00:00] C-s3: R1:W3 done ctx=157074 cost=$1.78
[2026-08-18T18:09:00.347852+00:00] D-s2: R1:W3 done ctx=109619 cost=$1.00
[2026-08-18T18:09:50.725693+00:00] D-s3: R1:W3 done ctx=133713 cost=$1.58
[2026-08-18T18:09:59.801614+00:00] D-s4: R1:W3 done ctx=103787 cost=$0.90
[2026-08-18T18:11:28.266461+00:00] D-s5: R1:W3 done ctx=123238 cost=$1.47
[2026-08-18T18:11:28.267329+00:00] turn W3 complete
[2026-08-18T18:11:43.202631+00:00] D-s1: R1:band:H1 done ctx=74218 cost=$0.49
[2026-08-18T18:11:55.410917+00:00] D-s1: R1:band:H2 done ctx=75440 cost=$0.50
[2026-08-18T18:12:11.500812+00:00] D-s1: R1:band:H3 done ctx=76600 cost=$0.52
[2026-08-18T18:12:29.621888+00:00] D-s1: R1:band:H4 done ctx=78044 cost=$0.54
[2026-08-18T18:12:29.622740+00:00] workto-band complete
[2026-08-18T18:13:30.538263+00:00] A-s1: R1:compact done ctx=162566 cost=$2.44
[2026-08-18T18:13:43.023961+00:00] A-s2: R1:compact done ctx=147559 cost=$2.05
[2026-08-18T18:13:56.899620+00:00] A-s3: R1:compact done ctx=115391 cost=$1.32
[2026-08-18T18:14:21.379206+00:00] A-s4: R1:compact done ctx=128761 cost=$2.33
[2026-08-18T18:14:48.679781+00:00] B-s1: R1:compact done ctx=127886 cost=$1.49
[2026-08-18T18:14:57.191864+00:00] A-s5: R1:compact done ctx=129009 cost=$1.60
[2026-08-18T18:15:34.777372+00:00] B-s2: R1:compact done ctx=116906 cost=$1.24
[2026-08-18T18:15:40.461695+00:00] B-s3: R1:compact done ctx=122090 cost=$1.44
[2026-08-18T18:16:12.163346+00:00] B-s4: R1:compact done ctx=124198 cost=$1.34
[2026-08-18T18:16:31.049116+00:00] B-s5: R1:compact done ctx=132985 cost=$1.46
[2026-08-18T18:16:34.182515+00:00] C-s1: R1:compact done ctx=130321 cost=$1.47
[2026-08-18T18:17:19.696253+00:00] C-s3: R1:compact done ctx=157074 cost=$1.82
[2026-08-18T18:17:23.694585+00:00] C-s4: R1:compact done ctx=116678 cost=$1.26
[2026-08-18T18:17:25.306582+00:00] C-s2: R1:compact done ctx=112732 cost=$1.08
[2026-08-18T18:18:11.170337+00:00] D-s2: R1:compact done ctx=109619 cost=$1.03
[2026-08-18T18:18:14.382003+00:00] D-s1: R1:compact done ctx=78044 cost=$0.57
[2026-08-18T18:18:15.664920+00:00] C-s5: R1:compact done ctx=136096 cost=$1.75
[2026-08-18T18:19:05.710292+00:00] D-s4: R1:compact done ctx=103787 cost=$0.94
[2026-08-18T18:19:15.143823+00:00] D-s5: R1:compact done ctx=123238 cost=$1.51
[2026-08-18T18:19:18.812555+00:00] D-s3: R1:compact done ctx=133713 cost=$1.62
[2026-08-18T18:19:18.813031+00:00] compact round 1 complete
[2026-08-18T18:19:19.276087+00:00] archived 20 lineage transcripts label=postcompact2
[2026-08-18T18:20:18.422941+00:00] A-s3: R2:R2P1 done ctx=42740 cost=$1.36
[2026-08-18T18:20:27.352505+00:00] A-s1: R2:R2P1 done ctx=42300 cost=$2.49
[2026-08-18T18:20:50.346998+00:00] A-s5: R2:R2P1 done ctx=41081 cost=$1.65
[2026-08-18T18:21:02.411726+00:00] B-s1: R2:R2P1 done ctx=45681 cost=$1.54
[2026-08-18T18:21:53.080980+00:00] A-s2: R2:R2P1 done ctx=65556 cost=$2.31
[2026-08-18T18:22:05.202122+00:00] B-s3: R2:R2P1 done ctx=37768 cost=$1.47
[2026-08-18T18:22:23.228834+00:00] B-s4: R2:R2P1 done ctx=43890 cost=$1.39
[2026-08-18T18:22:23.724287+00:00] A-s4: R2:R2P1 done ctx=67716 cost=$2.63
[2026-08-18T18:22:31.049914+00:00] C-s1: R2:R2P1 done ctx=40314 cost=$1.51
[2026-08-18T18:22:35.234624+00:00] B-s2: R2:R2P1 done ctx=56143 cost=$1.46
[2026-08-18T18:23:02.893780+00:00] C-s2: R2:R2P1 done ctx=44827 cost=$1.14
[2026-08-18T18:23:18.939090+00:00] C-s4: R2:R2P1 done ctx=38242 cost=$1.30
[2026-08-18T18:23:44.239307+00:00] B-s5: R2:R2P1 done ctx=55044 cost=$1.58
[2026-08-18T18:23:44.371447+00:00] C-s5: R2:R2P1 done ctx=34426 cost=$1.79
[2026-08-18T18:24:00.585379+00:00] D-s2: R2:R2P1 done ctx=40074 cost=$1.07
[2026-08-18T18:24:14.312716+00:00] D-s3: R2:R2P1 done ctx=43842 cost=$1.67
[2026-08-18T18:24:26.852963+00:00] D-s4: R2:R2P1 done ctx=41190 cost=$0.98
[2026-08-18T18:24:39.883065+00:00] D-s5: R2:R2P1 done ctx=44548 cost=$1.56
[2026-08-18T18:25:05.902410+00:00] D-s1: R2:R2P1 done ctx=57790 cost=$0.70
[2026-08-18T18:26:39.232638+00:00] C-s3: R2:R2P1 done ctx=88741 cost=$2.37
[2026-08-18T18:26:39.233233+00:00] probe R2P1 round 2 complete
[2026-08-18T18:26:56.350270+00:00] A-s3: R2:R2P2 done ctx=43318 cost=$1.41
[2026-08-18T18:26:59.141292+00:00] A-s2: R2:R2P2 done ctx=66286 cost=$2.40
[2026-08-18T18:26:59.856848+00:00] A-s1: R2:R2P2 done ctx=43836 cost=$2.54
[2026-08-18T18:27:12.500764+00:00] A-s4: R2:R2P2 done ctx=69045 cost=$2.74
[2026-08-18T18:27:13.818772+00:00] B-s1: R2:R2P2 done ctx=46512 cost=$1.60
[2026-08-18T18:27:17.108145+00:00] A-s5: R2:R2P2 done ctx=42922 cost=$1.69
[2026-08-18T18:27:28.537279+00:00] B-s3: R2:R2P2 done ctx=39993 cost=$1.51
[2026-08-18T18:27:30.075232+00:00] B-s4: R2:R2P2 done ctx=45139 cost=$1.44
[2026-08-18T18:27:34.050344+00:00] B-s2: R2:R2P2 done ctx=57333 cost=$1.53
[2026-08-18T18:27:45.799660+00:00] B-s5: R2:R2P2 done ctx=56426 cost=$1.66
[2026-08-18T18:27:45.954320+00:00] C-s1: R2:R2P2 done ctx=40929 cost=$1.55
[2026-08-18T18:27:51.387054+00:00] C-s2: R2:R2P2 done ctx=47263 cost=$1.19
[2026-08-18T18:28:02.909129+00:00] C-s3: R2:R2P2 done ctx=89447 cost=$2.51
[2026-08-18T18:28:08.516504+00:00] C-s4: R2:R2P2 done ctx=39259 cost=$1.34
[2026-08-18T18:28:13.973874+00:00] C-s5: R2:R2P2 done ctx=36463 cost=$1.83
[2026-08-18T18:28:23.398873+00:00] D-s2: R2:R2P2 done ctx=41365 cost=$1.12
[2026-08-18T18:28:24.488308+00:00] D-s1: R2:R2P2 done ctx=58432 cost=$0.78
[2026-08-18T18:28:33.128008+00:00] D-s3: R2:R2P2 done ctx=45200 cost=$1.72
[2026-08-18T18:28:37.587301+00:00] D-s4: R2:R2P2 done ctx=42268 cost=$1.03
[2026-08-18T18:28:43.598652+00:00] D-s5: R2:R2P2 done ctx=45669 cost=$1.62
[2026-08-18T18:28:43.599085+00:00] probe R2P2 round 2 complete
[2026-08-18T18:29:00.437354+00:00] A-s3: R2:R2P3 done ctx=44601 cost=$1.42
[2026-08-18T18:29:45.005801+00:00] A-s4: R2:R2P3 done ctx=78106 cost=$2.84
[2026-08-18T18:30:15.916813+00:00] A-s2: R2:R2P3 done ctx=81105 cost=$2.62
[2026-08-18T18:30:27.918584+00:00] B-s1: R2:R2P3 done ctx=48967 cost=$1.61
[2026-08-18T18:30:43.330715+00:00] A-s1: R2:R2P3 done ctx=63751 cost=$2.80
[2026-08-18T18:31:28.646980+00:00] A-s5: R2:R2P3 done ctx=64736 cost=$1.93
[2026-08-18T18:31:43.528010+00:00] B-s4: R2:R2P3 done ctx=46013 cost=$1.45
[2026-08-18T18:31:43.877617+00:00] B-s3: R2:R2P3 done ctx=55066 cost=$1.63
[2026-08-18T18:32:14.012582+00:00] B-s2: R2:R2P3 done ctx=77056 cost=$1.79
[2026-08-18T18:33:22.262088+00:00] C-s1: R2:R2P3 done ctx=61972 cost=$1.78
[2026-08-18T18:33:52.496767+00:00] C-s3: R2:R2P3 done ctx=93856 cost=$2.56
[2026-08-18T18:33:55.971585+00:00] B-s5: R2:R2P3 done ctx=77357 cost=$1.95
[2026-08-18T18:34:08.423019+00:00] C-s4: R2:R2P3 done ctx=41015 cost=$1.35
[2026-08-18T18:34:09.938362+00:00] C-s2: R2:R2P3 done ctx=69573 cost=$1.42
[2026-08-18T18:34:48.371046+00:00] D-s2: R2:R2P3 done ctx=51985 cost=$1.19
[2026-08-18T18:35:12.353182+00:00] D-s1: R2:R2P3 done ctx=70390 cost=$0.94
[2026-08-18T18:36:07.939490+00:00] D-s3: R2:R2P3 done ctx=65798 cost=$1.90
[2026-08-18T18:36:18.864596+00:00] D-s4: R2:R2P3 done ctx=59431 cost=$1.17
[2026-08-18T18:36:20.797318+00:00] C-s5: R2:R2P3 done ctx=63723 cost=$2.10
[2026-08-18T18:36:54.058432+00:00] D-s5: R2:R2P3 done ctx=55963 cost=$1.69
[2026-08-18T18:36:54.058870+00:00] probe R2P3 round 2 complete
[2026-08-18T18:37:05.485075+00:00] A-s3: R2:R2P4 done ctx=45842 cost=$1.43
[2026-08-18T18:37:40.036767+00:00] A-s4: R2:R2P4 done ctx=86356 cost=$2.94
[2026-08-18T18:38:00.865805+00:00] A-s1: R2:R2P4 done ctx=73502 cost=$2.95
[2026-08-18T18:38:15.112924+00:00] A-s2: R2:R2P4 done ctx=93513 cost=$2.83
[2026-08-18T18:38:24.397217+00:00] B-s2: R2:R2P4 done ctx=77831 cost=$1.80
[2026-08-18T18:38:34.877494+00:00] B-s3: R2:R2P4 done ctx=55738 cost=$1.64
[2026-08-18T18:38:42.999844+00:00] B-s4: R2:R2P4 done ctx=47116 cost=$1.46
[2026-08-18T18:38:48.693370+00:00] B-s1: R2:R2P4 done ctx=60823 cost=$1.71
[2026-08-18T18:38:50.753741+00:00] A-s5: R2:R2P4 done ctx=75874 cost=$2.09
[2026-08-18T18:39:30.464854+00:00] C-s2: R2:R2P4 done ctx=75349 cost=$1.50
[2026-08-18T18:39:48.113657+00:00] C-s1: R2:R2P4 done ctx=71386 cost=$1.91
[2026-08-18T18:40:01.409154+00:00] B-s5: R2:R2P4 done ctx=88154 cost=$2.12
[2026-08-18T18:40:06.801035+00:00] C-s3: R2:R2P4 done ctx=98968 cost=$2.65
[2026-08-18T18:40:35.199154+00:00] C-s4: R2:R2P4 done ctx=53269 cost=$1.44
[2026-08-18T18:41:00.339271+00:00] D-s1: R2:R2P4 done ctx=79695 cost=$1.09
[2026-08-18T18:41:01.501978+00:00] C-s5: R2:R2P4 done ctx=72229 cost=$2.20
[2026-08-18T18:41:20.277366+00:00] D-s2: R2:R2P4 done ctx=60285 cost=$1.28
[2026-08-18T18:41:39.716697+00:00] D-s3: R2:R2P4 done ctx=72524 cost=$2.00
[2026-08-18T18:41:46.157278+00:00] D-s4: R2:R2P4 done ctx=66812 cost=$1.28
[2026-08-18T18:42:03.548941+00:00] D-s5: R2:R2P4 done ctx=65042 cost=$1.77
[2026-08-18T18:42:03.549442+00:00] probe R2P4 round 2 complete
[adjudication] 2026-08-18 P2 R2P4: B-s2/s3/s4 flagged (frozen retract); B-s1/B-s5 + all A/C/D silently built.
[2026-08-18T18:42:33.429332+00:00] B-s4: R2:R2P4-reply done ctx=47727 cost=$1.47
[2026-08-18T18:42:34.301623+00:00] B-s2: R2:R2P4-reply done ctx=78545 cost=$1.81
[2026-08-18T18:42:35.323436+00:00] B-s3: R2:R2P4-reply done ctx=56478 cost=$1.65
[2026-08-18T18:42:35.323900+00:00] reply R2P4 complete
[2026-08-18T18:43:39.208587+00:00] A-s1: R2:R2P5 done ctx=82508 cost=$3.08
[2026-08-18T18:44:07.930912+00:00] A-s2: R2:R2P5 done ctx=105280 cost=$3.06
[2026-08-18T18:44:22.498924+00:00] A-s4: R2:R2P5 done ctx=94757 cost=$3.07
[2026-08-18T18:44:37.537663+00:00] A-s3: R2:R2P5 done ctx=67693 cost=$1.69
[2026-08-18T18:44:43.165954+00:00] B-s1: R2:R2P5 done ctx=61591 cost=$1.72
[2026-08-18T18:45:25.207446+00:00] A-s5: R2:R2P5 done ctx=88477 cost=$2.32
[2026-08-18T18:45:46.518092+00:00] B-s3: R2:R2P5 done ctx=65269 cost=$1.78
[2026-08-18T18:46:00.862003+00:00] B-s2: R2:R2P5 done ctx=89446 cost=$2.00
[2026-08-18T18:46:24.267461+00:00] B-s4: R2:R2P5 done ctx=60354 cost=$1.60
[2026-08-18T18:46:32.425168+00:00] B-s5: R2:R2P5 done ctx=95108 cost=$2.24
[2026-08-18T18:47:14.660378+00:00] C-s2: R2:R2P5 done ctx=82100 cost=$1.59
[2026-08-18T18:47:15.300820+00:00] C-s1: R2:R2P5 done ctx=81727 cost=$2.12
[2026-08-18T18:48:17.232361+00:00] C-s4: R2:R2P5 done ctx=64046 cost=$1.57
[2026-08-18T18:48:23.563689+00:00] C-s5: R2:R2P5 done ctx=81730 cost=$2.32
[2026-08-18T18:48:25.504274+00:00] C-s3: R2:R2P5 done ctx=115059 cost=$2.91
[2026-08-18T18:49:06.897794+00:00] D-s1: R2:R2P5 done ctx=87187 cost=$1.20
[2026-08-18T18:49:10.339708+00:00] D-s3: R2:R2P5 done ctx=79055 cost=$2.11
[2026-08-18T18:49:21.322591+00:00] D-s2: R2:R2P5 done ctx=69368 cost=$1.40
[2026-08-18T18:49:52.795403+00:00] D-s4: R2:R2P5 done ctx=73565 cost=$1.38
[2026-08-18T18:50:06.543882+00:00] D-s5: R2:R2P5 done ctx=75544 cost=$1.89
[2026-08-18T18:50:06.544790+00:00] probe R2P5 round 2 complete
[2026-08-18T18:50:24.080901+00:00] A-s2: R2:R2P6 done ctx=106292 cost=$3.07
[2026-08-18T18:50:38.231662+00:00] A-s3: R2:R2P6 done ctx=72198 cost=$1.74
[2026-08-18T18:50:44.400079+00:00] A-s1: R2:R2P6 done ctx=88200 cost=$3.14
[2026-08-18T18:50:54.005917+00:00] A-s5: R2:R2P6 done ctx=90747 cost=$2.35
[2026-08-18T18:50:58.047046+00:00] A-s4: R2:R2P6 done ctx=99734 cost=$3.31
[2026-08-18T18:51:10.393528+00:00] B-s3: R2:R2P6 done ctx=66069 cost=$1.79
[2026-08-18T18:51:28.744224+00:00] B-s4: R2:R2P6 done ctx=61164 cost=$1.61
[2026-08-18T18:51:32.937169+00:00] B-s2: R2:R2P6 done ctx=96427 cost=$2.08
[2026-08-18T18:51:49.418874+00:00] B-s5: R2:R2P6 done ctx=95973 cost=$2.26
[2026-08-18T18:51:59.837656+00:00] B-s1: R2:R2P6 done ctx=74272 cost=$1.91
[2026-08-18T18:52:16.829842+00:00] C-s1: R2:R2P6 done ctx=88330 cost=$2.19
[2026-08-18T18:52:20.848765+00:00] C-s3: R2:R2P6 done ctx=116772 cost=$2.95
[2026-08-18T18:52:22.773884+00:00] C-s2: R2:R2P6 done ctx=88045 cost=$1.68
[2026-08-18T18:52:35.053727+00:00] C-s4: R2:R2P6 done ctx=64919 cost=$1.58
[2026-08-18T18:52:37.307971+00:00] C-s5: R2:R2P6 done ctx=82607 cost=$2.33
[2026-08-18T18:52:40.774165+00:00] D-s1: R2:R2P6 done ctx=88052 cost=$1.22
[2026-08-18T18:52:51.061068+00:00] D-s2: R2:R2P6 done ctx=70147 cost=$1.41
[2026-08-18T18:53:01.283912+00:00] D-s3: R2:R2P6 done ctx=79851 cost=$2.12
[2026-08-18T18:53:01.640515+00:00] D-s4: R2:R2P6 done ctx=74419 cost=$1.40
[2026-08-18T18:53:03.633786+00:00] D-s5: R2:R2P6 done ctx=76448 cost=$1.91
[2026-08-18T18:53:03.634218+00:00] probe R2P6 round 2 complete
[2026-08-18T18:53:04.187418+00:00] archived 20 lineage transcripts label=final
