[2026-08-18T13:49:34.743252+00:00] forked A-s1 sid=5b7ea162-f039-44d6-8460-13da6a6b2200
[2026-08-18T13:49:35.276931+00:00] forked A-s2 sid=b6cd6175-5e57-46ee-935a-5e2d9d61c7e5
[2026-08-18T13:49:35.843873+00:00] forked A-s3 sid=e4a1a18e-4e6b-4d19-a42f-3a19d0f8f900
[2026-08-18T13:49:36.377907+00:00] forked A-s4 sid=8fd40187-20b2-41ee-91a5-f17cf21872c6
[2026-08-18T13:49:36.904814+00:00] forked A-s5 sid=0c908ca1-e2fa-49ab-818f-d73ec014b893
[2026-08-18T13:49:37.437457+00:00] forked B-s1 sid=ac669122-ac75-46e6-ac66-c34c35854f59
[2026-08-18T13:49:37.965170+00:00] forked B-s2 sid=41d348f8-05cf-4fff-b0b0-5a47c8367294
[2026-08-18T13:49:38.482735+00:00] forked B-s3 sid=7b98b1ed-2b58-464f-820d-5204608b68bf
[2026-08-18T13:49:39.000844+00:00] forked B-s4 sid=d709e4a3-0fa4-4a93-94b8-b0b354a76045
[2026-08-18T13:49:39.525009+00:00] forked B-s5 sid=e50eb06a-a2b3-4d83-b33e-0a9622f1a2c8
[2026-08-18T13:49:40.055978+00:00] forked C-s1 sid=960a05a3-0aa3-427e-aa06-2223514502b9
[2026-08-18T13:49:40.586414+00:00] forked C-s2 sid=92b9f758-5107-4618-a4ea-3ac9cb1720ed
[2026-08-18T13:49:41.123646+00:00] forked C-s3 sid=cc222037-347e-4adc-915e-0d1f67752a6d
[2026-08-18T13:49:41.647051+00:00] forked C-s4 sid=ae02a964-b74a-429d-9136-488f2aecacb6
[2026-08-18T13:49:42.185578+00:00] forked C-s5 sid=1e73e9de-ff1e-4e94-befa-1b3681b6189d
[2026-08-18T13:49:42.724055+00:00] forked D-s1 sid=4f042ae8-b789-42a0-9e28-0db3e607092f
[2026-08-18T13:49:43.259222+00:00] forked D-s2 sid=a3b4d762-4bcf-4410-932f-8eedc19d3eb7
[2026-08-18T13:49:43.816338+00:00] forked D-s3 sid=07a3dd7a-3efb-4307-b465-f8ce9ab7c18e
[2026-08-18T13:49:44.356048+00:00] forked D-s4 sid=ca3b30cd-0345-402b-a05c-eb14dbfa24e9
[2026-08-18T13:49:44.888164+00:00] forked D-s5 sid=94b16101-f101-4fb5-a476-7501a9fd95f5
[2026-08-18T13:49:44.888230+00:00] fork complete: 20 lineages
[deviation-log] 2026-08-18 P1 gen1: initial D packet 13.8% under B, violating the frozen +/-5% match; D ledger entries elaborated (same wrong-content types, wording only) to comply before any probe was sent. C/D final within 5%. Payloads re-hashed.
[2026-08-18T13:50:56.364368+00:00] A-s2: R1:R1P1 done ctx=41460 cost=$0.05
[2026-08-18T13:53:32.753330+00:00] A-s1: R1:R1P1 done ctx=63851 cost=$0.24
[2026-08-18T13:54:01.805021+00:00] A-s4: R1:R1P1 done ctx=66397 cost=$0.28
[2026-08-18T13:54:19.094751+00:00] B-s1: R1:R1P1 done ctx=42629 cost=$0.05
[2026-08-18T13:54:22.966960+00:00] A-s3: R1:R1P1 done ctx=66549 cost=$0.33
[2026-08-18T13:54:35.252208+00:00] B-s2: R1:R1P1 done ctx=42635 cost=$0.05
[2026-08-18T13:54:37.830642+00:00] B-s3: R1:R1P1 done ctx=41334 cost=$0.05
[2026-08-18T13:55:00.393911+00:00] B-s5: R1:R1P1 done ctx=42645 cost=$0.06
[2026-08-18T13:55:13.547544+00:00] C-s1: R1:R1P1 done ctx=41118 cost=$0.05
[2026-08-18T13:55:39.272785+00:00] C-s2: R1:R1P1 done ctx=48560 cost=$0.08
[2026-08-18T13:56:56.883129+00:00] A-s5: R1:R1P1 done ctx=69609 cost=$0.30
[2026-08-18T13:58:10.480465+00:00] B-s4: R1:R1P1 done ctx=70459 cost=$0.31
[2026-08-18T13:58:24.795895+00:00] C-s5: R1:R1P1 done ctx=41126 cost=$0.05
[2026-08-18T13:58:38.642640+00:00] D-s1: R1:R1P1 done ctx=41290 cost=$0.05
[2026-08-18T13:59:14.720539+00:00] D-s2: R1:R1P1 done ctx=49185 cost=$0.08
[2026-08-18T13:59:41.012917+00:00] D-s3: R1:R1P1 done ctx=42593 cost=$0.06
[2026-08-18T14:00:01.889624+00:00] D-s4: R1:R1P1 done ctx=41288 cost=$0.06
[2026-08-18T14:00:03.331343+00:00] C-s3: R1:R1P1 done ctx=75004 cost=$0.42
[2026-08-18T14:00:26.003734+00:00] D-s5: R1:R1P1 done ctx=42587 cost=$0.06
[2026-08-18T14:00:40.613657+00:00] C-s4: R1:R1P1 done ctx=77488 cost=$0.35
[2026-08-18T14:00:40.614318+00:00] probe R1P1 round 1 complete
[2026-08-18T14:01:10.555698+00:00] A-s3: R1:R1P2 done ctx=67407 cost=$0.42
[2026-08-18T14:01:13.480798+00:00] A-s1: R1:R1P2 done ctx=64661 cost=$0.33
[2026-08-18T14:01:14.635865+00:00] A-s2: R1:R1P2 done ctx=42391 cost=$0.10
[2026-08-18T14:01:30.900284+00:00] A-s5: R1:R1P2 done ctx=70484 cost=$0.40
[2026-08-18T14:01:31.615709+00:00] A-s4: R1:R1P2 done ctx=67453 cost=$0.38
[2026-08-18T14:01:32.316496+00:00] B-s1: R1:R1P2 done ctx=43612 cost=$0.10
[2026-08-18T14:01:44.112692+00:00] B-s2: R1:R1P2 done ctx=43767 cost=$0.10
[2026-08-18T14:01:46.883898+00:00] B-s3: R1:R1P2 done ctx=43671 cost=$0.10
[2026-08-18T14:01:52.306450+00:00] B-s4: R1:R1P2 done ctx=71141 cost=$0.42
[2026-08-18T14:01:56.451349+00:00] B-s5: R1:R1P2 done ctx=44225 cost=$0.10
[2026-08-18T14:02:07.263026+00:00] C-s1: R1:R1P2 done ctx=41791 cost=$0.09
[2026-08-18T14:02:14.015187+00:00] C-s3: R1:R1P2 done ctx=75891 cost=$0.53
[2026-08-18T14:02:15.587410+00:00] C-s2: R1:R1P2 done ctx=49420 cost=$0.14
[2026-08-18T14:02:28.042119+00:00] C-s4: R1:R1P2 done ctx=78362 cost=$0.47
[2026-08-18T14:02:33.895956+00:00] D-s1: R1:R1P2 done ctx=42297 cost=$0.10
[2026-08-18T14:02:37.010396+00:00] C-s5: R1:R1P2 done ctx=47854 cost=$0.11
[2026-08-18T14:02:46.500616+00:00] D-s3: R1:R1P2 done ctx=44359 cost=$0.11
[2026-08-18T14:02:47.193341+00:00] D-s2: R1:R1P2 done ctx=50111 cost=$0.15
[2026-08-18T14:02:53.372375+00:00] D-s4: R1:R1P2 done ctx=44422 cost=$0.10
[2026-08-18T14:02:59.368058+00:00] D-s5: R1:R1P2 done ctx=44008 cost=$0.10
[2026-08-18T14:02:59.368614+00:00] probe R1P2 round 1 complete
[2026-08-18T14:03:30.343257+00:00] A-s2: R1:R1P3 done ctx=43676 cost=$0.12
[2026-08-18T14:03:53.085642+00:00] A-s4: R1:R1P3 done ctx=68494 cost=$0.40
[2026-08-18T14:06:16.202096+00:00] A-s1: R1:R1P3 done ctx=91525 cost=$0.62
[2026-08-18T14:06:26.255454+00:00] A-s3: R1:R1P3 done ctx=90200 cost=$0.75
[2026-08-18T14:06:38.874569+00:00] B-s2: R1:R1P3 done ctx=44488 cost=$0.11
[2026-08-18T14:06:58.572989+00:00] B-s3: R1:R1P3 done ctx=44400 cost=$0.11
[2026-08-18T14:06:59.487242+00:00] B-s1: R1:R1P3 done ctx=53211 cost=$0.15
[2026-08-18T14:07:00.284337+00:00] A-s5: R1:R1P3 done ctx=92601 cost=$0.70
[2026-08-18T14:07:27.811102+00:00] C-s1: R1:R1P3 done ctx=44161 cost=$0.11
[2026-08-18T14:07:28.985318+00:00] B-s5: R1:R1P3 done ctx=44877 cost=$0.12
[2026-08-18T14:07:41.219170+00:00] B-s4: R1:R1P3 done ctx=72161 cost=$0.44
[2026-08-18T14:08:01.912571+00:00] C-s4: R1:R1P3 done ctx=79357 cost=$0.49
[2026-08-18T14:08:26.150967+00:00] C-s2: R1:R1P3 done ctx=56209 cost=$0.20
[2026-08-18T14:08:29.659072+00:00] C-s5: R1:R1P3 done ctx=51786 cost=$0.14
[2026-08-18T14:08:49.621643+00:00] D-s1: R1:R1P3 done ctx=43364 cost=$0.11
[2026-08-18T14:11:15.878211+00:00] C-s3: R1:R1P3 done ctx=101497 cost=$0.96
[2026-08-18T14:13:48.635956+00:00] D-s2: R1:R1P3 done ctx=86972 cost=$0.62
[2026-08-18T14:14:04.410112+00:00] D-s5: R1:R1P3 done ctx=45010 cost=$0.11
[2026-08-18T14:14:38.678842+00:00] D-s3: R1:R1P3 done ctx=94837 cost=$0.67
[2026-08-18T14:17:09.882780+00:00] D-s4: R1:R1P3 done ctx=95004 cost=$0.69
[2026-08-18T14:17:09.883691+00:00] probe R1P3 round 1 complete
[2026-08-18T14:18:28.751825+00:00] A-s1: R1:R1P4 done ctx=97990 cost=$0.77
[2026-08-18T14:19:00.132175+00:00] A-s3: R1:R1P4 done ctx=99350 cost=$0.96
[2026-08-18T14:19:18.954863+00:00] A-s2: R1:R1P4 done ctx=61515 cost=$0.30
[2026-08-18T14:19:26.333120+00:00] B-s1: R1:R1P4 done ctx=54241 cost=$0.16
[2026-08-18T14:19:31.069827+00:00] A-s4: R1:R1P4 done ctx=77534 cost=$0.51
[2026-08-18T14:19:38.364376+00:00] B-s2: R1:R1P4 done ctx=45150 cost=$0.12
[2026-08-18T14:19:43.648672+00:00] B-s3: R1:R1P4 done ctx=45741 cost=$0.12
[2026-08-18T14:19:45.699249+00:00] B-s4: R1:R1P4 done ctx=75518 cost=$0.46
[2026-08-18T14:19:53.378755+00:00] B-s5: R1:R1P4 done ctx=46831 cost=$0.13
[2026-08-18T14:20:12.482386+00:00] A-s5: R1:R1P4 done ctx=101608 cost=$0.86
[2026-08-18T14:20:25.083996+00:00] C-s1: R1:R1P4 done ctx=54359 cost=$0.17
[2026-08-18T14:20:59.322347+00:00] C-s2: R1:R1P4 done ctx=65860 cost=$0.31
[2026-08-18T14:21:40.707963+00:00] C-s5: R1:R1P4 done ctx=57715 cost=$0.20
[2026-08-18T14:21:41.893228+00:00] C-s3: R1:R1P4 done ctx=112385 cost=$1.17
[2026-08-18T14:21:49.439666+00:00] C-s4: R1:R1P4 done ctx=89307 cost=$0.65
[2026-08-18T14:22:39.572545+00:00] D-s2: R1:R1P4 done ctx=92998 cost=$0.74
[2026-08-18T14:22:50.117431+00:00] D-s3: R1:R1P4 done ctx=102950 cost=$0.81
[2026-08-18T14:23:06.587281+00:00] D-s1: R1:R1P4 done ctx=58837 cost=$0.24
[2026-08-18T14:23:57.837981+00:00] D-s5: R1:R1P4 done ctx=57079 cost=$0.22
[2026-08-18T14:23:59.263219+00:00] D-s4: R1:R1P4 done ctx=104620 cost=$0.87
[2026-08-18T14:23:59.263648+00:00] probe R1P4 round 1 complete
[adjudication] 2026-08-18 P1 R1P4: 5/5 B flagged L4 (confirm sent per frozen text); 15/15 A/C/D silently consumed parked category (no reply per frozen rule).
[2026-08-18T14:25:51.524861+00:00] B-s3: R1:R1P4-reply done ctx=60542 cost=$0.26
[2026-08-18T14:25:54.891811+00:00] B-s2: R1:R1P4-reply done ctx=62082 cost=$0.27
[2026-08-18T14:25:56.789751+00:00] B-s1: R1:R1P4-reply done ctx=64483 cost=$0.31
[2026-08-18T14:27:08.801468+00:00] B-s4: R1:R1P4-reply done ctx=82816 cost=$0.59
[2026-08-18T14:27:27.929266+00:00] B-s5: R1:R1P4-reply done ctx=61546 cost=$0.27
[2026-08-18T14:27:27.929968+00:00] reply R1P4 complete
[2026-08-18T14:28:31.269249+00:00] A-s1: R1:R1P5 done ctx=104030 cost=$0.85
[2026-08-18T14:28:37.337386+00:00] A-s2: R1:R1P5 done ctx=68740 cost=$0.39
[2026-08-18T14:28:57.823408+00:00] A-s3: R1:R1P5 done ctx=107285 cost=$1.09
[2026-08-18T14:29:32.713090+00:00] A-s4: R1:R1P5 done ctx=83438 cost=$0.57
[2026-08-18T14:29:44.442918+00:00] B-s2: R1:R1P5 done ctx=62535 cost=$0.28
[2026-08-18T14:29:55.973630+00:00] A-s5: R1:R1P5 done ctx=108796 cost=$0.94
[2026-08-18T14:29:56.134287+00:00] B-s3: R1:R1P5 done ctx=60982 cost=$0.27
[2026-08-18T14:30:05.616300+00:00] B-s5: R1:R1P5 done ctx=61954 cost=$0.28
[2026-08-18T14:30:09.734795+00:00] B-s1: R1:R1P5 done ctx=70780 cost=$0.39
[2026-08-18T14:30:53.781436+00:00] B-s4: R1:R1P5 done ctx=88586 cost=$0.67
[2026-08-18T14:31:27.546354+00:00] C-s2: R1:R1P5 done ctx=73951 cost=$0.42
[2026-08-18T14:31:57.020276+00:00] C-s1: R1:R1P5 done ctx=65342 cost=$0.32
[2026-08-18T14:32:13.962262+00:00] C-s4: R1:R1P5 done ctx=94349 cost=$0.73
[2026-08-18T14:32:17.636565+00:00] C-s3: R1:R1P5 done ctx=120134 cost=$1.31
[2026-08-18T14:32:38.555863+00:00] C-s5: R1:R1P5 done ctx=61549 cost=$0.24
[2026-08-18T14:33:04.366628+00:00] D-s1: R1:R1P5 done ctx=63825 cost=$0.31
[2026-08-18T14:33:12.200207+00:00] D-s2: R1:R1P5 done ctx=98205 cost=$0.82
[2026-08-18T14:33:24.238017+00:00] D-s5: R1:R1P5 done ctx=57612 cost=$0.23
[2026-08-18T14:33:50.339908+00:00] D-s3: R1:R1P5 done ctx=109030 cost=$0.96
[2026-08-18T14:34:19.188552+00:00] D-s4: R1:R1P5 done ctx=112352 cost=$0.98
[2026-08-18T14:34:19.189193+00:00] probe R1P5 round 1 complete
[2026-08-18T14:34:52.908188+00:00] A-s2: R1:WB1 done ctx=69437 cost=$0.41
[2026-08-18T14:36:15.057669+00:00] A-s3: R1:WB1 done ctx=116417 cost=$1.27
[2026-08-18T14:36:43.878124+00:00] A-s1: R1:WB1 done ctx=117093 cost=$1.07
[2026-08-18T14:36:57.689296+00:00] A-s4: R1:WB1 done ctx=98099 cost=$0.76
[2026-08-18T14:36:58.136490+00:00] B-s1: R1:WB1 done ctx=71503 cost=$0.49
[2026-08-18T14:37:15.284499+00:00] B-s2: R1:WB1 done ctx=63387 cost=$0.29
[2026-08-18T14:37:17.984637+00:00] B-s3: R1:WB1 done ctx=61534 cost=$0.28
[2026-08-18T14:38:29.457903+00:00] B-s5: R1:WB1 done ctx=73747 cost=$0.38
[2026-08-18T14:39:05.279162+00:00] A-s5: R1:WB1 done ctx=125717 cost=$1.27
[2026-08-18T14:39:18.357246+00:00] C-s2: R1:WB1 done ctx=74802 cost=$0.44
[2026-08-18T14:39:23.406543+00:00] B-s4: R1:WB1 done ctx=101880 cost=$0.90
[2026-08-18T14:40:27.939924+00:00] C-s1: R1:WB1 done ctx=78428 cost=$0.49
[2026-08-18T14:40:35.976017+00:00] C-s3: R1:WB1 done ctx=129066 cost=$1.46
[2026-08-18T14:40:40.174573+00:00] C-s4: R1:WB1 done ctx=103114 cost=$0.86
[2026-08-18T14:40:45.946267+00:00] C-s5: R1:WB1 done ctx=62385 cost=$0.26
[2026-08-18T14:42:07.679345+00:00] D-s3: R1:WB1 done ctx=118843 cost=$1.13
[2026-08-18T14:42:21.479016+00:00] D-s4: R1:WB1 done ctx=113015 cost=$1.00
[2026-08-18T14:42:39.178243+00:00] D-s5: R1:WB1 done ctx=58282 cost=$0.24
[2026-08-18T14:43:11.377874+00:00] D-s2: R1:WB1 done ctx=113360 cost=$1.10
[2026-08-18T14:45:07.509696+00:00] D-s1: R1:WB1 done ctx=96336 cost=$0.76
[2026-08-18T14:45:07.510612+00:00] turn WB1 complete
[2026-08-18T14:46:14.977219+00:00] A-s1: R1:R1P6 done ctx=124394 cost=$1.41
[2026-08-18T14:46:39.445871+00:00] A-s2: R1:R1P6 done ctx=82245 cost=$0.67
[2026-08-18T14:46:48.141473+00:00] A-s3: R1:R1P6 done ctx=126528 cost=$1.46
[2026-08-18T14:47:44.454569+00:00] A-s5: R1:R1P6 done ctx=132893 cost=$1.37
[2026-08-18T14:48:31.289329+00:00] B-s1: R1:R1P6 done ctx=84847 cost=$0.64
[2026-08-18T14:48:44.612736+00:00] A-s4: R1:R1P6 done ctx=115881 cost=$1.02
[2026-08-18T14:49:23.568854+00:00] B-s2: R1:R1P6 done ctx=76657 cost=$0.41
[2026-08-18T14:50:05.961440+00:00] B-s3: R1:R1P6 done ctx=73262 cost=$0.40
[2026-08-18T14:50:42.070241+00:00] B-s4: R1:R1P6 done ctx=113368 cost=$1.08
[2026-08-18T14:51:20.355402+00:00] C-s1: R1:R1P6 done ctx=87393 cost=$0.59
[2026-08-18T14:51:25.168377+00:00] B-s5: R1:R1P6 done ctx=90091 cost=$0.56
[2026-08-18T14:52:09.820491+00:00] C-s3: R1:R1P6 done ctx=135797 cost=$1.54
[2026-08-18T14:52:12.282966+00:00] C-s2: R1:R1P6 done ctx=86478 cost=$0.56
[2026-08-18T14:53:01.354102+00:00] D-s1: R1:R1P6 done ctx=102962 cost=$0.83
[2026-08-18T14:53:39.892076+00:00] C-s5: R1:R1P6 done ctx=71421 cost=$0.41
[2026-08-18T14:54:05.795903+00:00] D-s2: R1:R1P6 done ctx=121023 cost=$1.18
[2026-08-18T14:54:33.196189+00:00] D-s3: R1:R1P6 done ctx=125433 cost=$1.22
[2026-08-18T14:55:29.681211+00:00] C-s4: R1:R1P6 done ctx=128858 cost=$1.40
[2026-08-18T14:55:35.186771+00:00] D-s5: R1:R1P6 done ctx=66953 cost=$0.35
[2026-08-18T14:56:04.512047+00:00] D-s4: R1:R1P6 done ctx=126940 cost=$1.23
[2026-08-18T14:56:04.512764+00:00] probe R1P6 round 1 complete
[2026-08-18T14:56:51.658629+00:00] A-s2: R1:W2 done ctx=82728 cost=$0.79
[design-note] 2026-08-18 P1 gen2: B-arm gen-2 ledgers will be PER-LINEAGE (base + per-lineage L4 lift note and L5 status), because R1P6 drill execution varied by seed and a shared ledger would be wrong for some lineages — the controller-authored-correct claim boundary requires per-lineage accuracy. Driver now prefers <ARM>-s<seed>.txt payloads. D stays the frozen scrambled ledger; C re-token-matched. For DEVIATIONS.md: clarification of payload construction, not a probe/scoring change.
[2026-08-18T14:58:17.203844+00:00] A-s4: R1:W2 done ctx=125522 cost=$1.17
[2026-08-18T14:59:13.768915+00:00] A-s1: R1:W2 done ctx=142647 cost=$1.83
[2026-08-18T14:59:15.448651+00:00] A-s3: R1:W2 done ctx=141567 cost=$1.81
[2026-08-18T14:59:27.063422+00:00] B-s2: R1:W2 done ctx=77489 cost=$0.43
[2026-08-18T14:59:27.448529+00:00] B-s1: R1:W2 done ctx=85574 cost=$0.65
[2026-08-18T14:59:49.871034+00:00] B-s3: R1:W2 done ctx=74282 cost=$0.41
[2026-08-18T15:01:02.088825+00:00] A-s5: R1:W2 done ctx=149322 cost=$1.74
[2026-08-18T15:01:19.906237+00:00] B-s5: R1:W2 done ctx=100815 cost=$0.72
[2026-08-18T15:01:21.090085+00:00] B-s4: R1:W2 done ctx=125072 cost=$1.31
[2026-08-18T15:01:33.527924+00:00] C-s2: R1:W2 done ctx=87231 cost=$0.57
[2026-08-18T15:02:50.726222+00:00] C-s1: R1:W2 done ctx=99112 cost=$0.79
[2026-08-18T15:02:53.939799+00:00] C-s4: R1:W2 done ctx=136813 cost=$1.56
[2026-08-18T15:03:08.748496+00:00] C-s5: R1:W2 done ctx=72086 cost=$0.42
[2026-08-18T15:03:54.065664+00:00] C-s3: R1:W2 done ctx=150874 cost=$1.87
[2026-08-18T15:04:25.202487+00:00] D-s1: R1:W2 done ctx=112635 cost=$1.01
[2026-08-18T15:05:00.397052+00:00] D-s2: R1:W2 done ctx=132145 cost=$1.40
[2026-08-18T15:05:42.587710+00:00] D-s4: R1:W2 done ctx=134653 cost=$1.39
[2026-08-18T15:05:46.463459+00:00] D-s3: R1:W2 done ctx=136283 cost=$1.72
[2026-08-18T15:08:10.551413+00:00] D-s5: R1:W2 done ctx=89929 cost=$0.65
[2026-08-18T15:08:10.552537+00:00] turn W2 complete
[2026-08-18T15:08:29.466564+00:00] A-s2: R1:W3 done ctx=83769 cost=$0.81
[2026-08-18T15:09:32.349526+00:00] A-s1: R1:W3 done ctx=152455 cost=$2.02
[2026-08-18T15:09:49.852962+00:00] A-s3: R1:W3 done ctx=151356 cost=$2.05
[2026-08-18T15:10:06.675599+00:00] B-s1: R1:W3 done ctx=86413 cost=$0.67
[2026-08-18T15:10:16.427761+00:00] B-s2: R1:W3 done ctx=78106 cost=$0.44
[2026-08-18T15:10:44.061431+00:00] B-s3: R1:W3 done ctx=75729 cost=$0.43
[2026-08-18T15:10:50.913342+00:00] A-s5: R1:W3 done ctx=158601 cost=$1.95
[2026-08-18T15:11:43.437243+00:00] A-s4: R1:W3 done ctx=150664 cost=$1.73
[2026-08-18T15:12:31.340349+00:00] B-s5: R1:W3 done ctx=113974 cost=$0.95
[2026-08-18T15:12:47.022436+00:00] C-s2: R1:W3 done ctx=88215 cost=$0.59
[2026-08-18T15:13:36.066818+00:00] B-s4: R1:W3 done ctx=144004 cost=$1.71
[2026-08-18T15:14:12.552368+00:00] C-s1: R1:W3 done ctx=116676 cost=$1.14
[2026-08-18T15:14:31.071670+00:00] C-s5: R1:W3 done ctx=73405 cost=$0.44
[2026-08-18T15:15:15.350749+00:00] C-s4: R1:W3 done ctx=149268 cost=$1.84
[2026-08-18T15:15:35.363164+00:00] C-s3: R1:W3 done ctx=168532 cost=$2.37
[2026-08-18T15:15:37.812517+00:00] D-s1: R1:W3 done ctx=119502 cost=$1.10
[2026-08-18T15:17:48.838379+00:00] D-s4: R1:W3 done ctx=148941 cost=$1.71
[2026-08-18T15:17:51.225438+00:00] D-s3: R1:W3 done ctx=148820 cost=$2.32
[2026-08-18T15:18:00.874206+00:00] D-s2: R1:W3 done ctx=147564 cost=$1.89
[2026-08-18T15:19:34.824528+00:00] D-s5: R1:W3 done ctx=100883 cost=$0.87
[2026-08-18T15:19:34.825806+00:00] turn W3 complete
[2026-08-18T15:20:06.731384+00:00] A-s2: R1:band:H1 done ctx=85005 cost=$0.82
[2026-08-18T15:20:08.685336+00:00] B-s1: R1:band:H1 done ctx=87474 cost=$0.68
[2026-08-18T15:20:23.111646+00:00] A-s2: R1:band:H2 done ctx=86045 cost=$0.84
[2026-08-18T15:20:26.767933+00:00] B-s1: R1:band:H2 done ctx=88571 cost=$0.70
[2026-08-18T15:20:39.649737+00:00] A-s2: R1:band:H3 done ctx=87221 cost=$0.85
[2026-08-18T15:20:46.121644+00:00] B-s1: R1:band:H3 done ctx=89835 cost=$0.72
[2026-08-18T15:20:56.410369+00:00] A-s2: R1:band:H4 done ctx=88267 cost=$0.87
[2026-08-18T15:21:06.097575+00:00] B-s1: R1:band:H4 done ctx=91172 cost=$0.73
[2026-08-18T15:21:21.769191+00:00] B-s3: R1:band:H1 done ctx=78013 cost=$0.45
[2026-08-18T15:21:22.229112+00:00] C-s2: R1:band:H1 done ctx=89399 cost=$0.61
[2026-08-18T15:21:38.443189+00:00] C-s2: R1:band:H2 done ctx=90874 cost=$0.62
[2026-08-18T15:21:42.072422+00:00] B-s3: R1:band:H2 done ctx=79749 cost=$0.47
[2026-08-18T15:21:56.014504+00:00] C-s2: R1:band:H3 done ctx=92381 cost=$0.64
[2026-08-18T15:22:04.466998+00:00] B-s3: R1:band:H3 done ctx=81153 cost=$0.49
[2026-08-18T15:22:15.854957+00:00] C-s2: R1:band:H4 done ctx=93776 cost=$0.66
[2026-08-18T15:22:25.796493+00:00] B-s3: R1:band:H4 done ctx=82547 cost=$0.51
[2026-08-18T15:22:28.415469+00:00] B-s2: R1:band:H1 done ctx=95116 cost=$0.73
[2026-08-18T15:22:30.479847+00:00] C-s5: R1:band:H1 done ctx=74781 cost=$0.46
[2026-08-18T15:22:45.111213+00:00] C-s5: R1:band:H2 done ctx=76055 cost=$0.47
[2026-08-18T15:23:03.165034+00:00] C-s5: R1:band:H3 done ctx=77135 cost=$0.49
[2026-08-18T15:23:22.979323+00:00] C-s5: R1:band:H4 done ctx=78386 cost=$0.51
[2026-08-18T15:24:07.944357+00:00] B-s2: R1:band:H2 done ctx=105857 cost=$0.92
[2026-08-18T15:24:07.945131+00:00] workto-band complete
[2026-08-18T15:24:56.580214+00:00] A-s1: R1:compact done ctx=152455 cost=$2.05
[2026-08-18T15:24:59.931613+00:00] A-s2: R1:compact done ctx=88267 cost=$0.90
[2026-08-18T15:25:19.211720+00:00] A-s3: R1:compact done ctx=151356 cost=$2.10
[2026-08-18T15:25:56.043099+00:00] A-s4: R1:compact done ctx=150664 cost=$1.77
[2026-08-18T15:26:05.252996+00:00] A-s5: R1:compact done ctx=158601 cost=$1.99
[2026-08-18T15:26:20.840167+00:00] B-s1: R1:compact done ctx=91172 cost=$0.77
[2026-08-18T15:26:54.023732+00:00] B-s3: R1:compact done ctx=82547 cost=$0.54
[2026-08-18T15:26:55.671873+00:00] B-s2: R1:compact done ctx=105857 cost=$0.96
[2026-08-18T15:27:13.012105+00:00] B-s4: R1:compact done ctx=144004 cost=$1.74
[2026-08-18T15:27:49.564346+00:00] C-s1: R1:compact done ctx=116676 cost=$1.17
[2026-08-18T15:27:52.914513+00:00] B-s5: R1:compact done ctx=113974 cost=$0.98
[2026-08-18T15:27:58.780581+00:00] C-s2: R1:compact done ctx=93776 cost=$0.69
[2026-08-18T15:28:49.335875+00:00] C-s3: R1:compact done ctx=168532 cost=$2.41
[2026-08-18T15:28:53.931652+00:00] C-s4: R1:compact done ctx=149268 cost=$1.88
[2026-08-18T15:28:59.294818+00:00] C-s5: R1:compact done ctx=78386 cost=$0.54
[2026-08-18T15:29:49.295156+00:00] D-s1: R1:compact done ctx=119502 cost=$1.14
[2026-08-18T15:29:52.031387+00:00] D-s2: R1:compact done ctx=147564 cost=$1.93
[2026-08-18T15:29:57.266736+00:00] D-s3: R1:compact done ctx=148820 cost=$2.36
[2026-08-18T15:30:30.800169+00:00] D-s5: R1:compact done ctx=100883 cost=$0.90
[2026-08-18T15:31:07.354888+00:00] D-s4: R1:compact done ctx=148941 cost=$1.76
[2026-08-18T15:31:07.355834+00:00] compact round 1 complete
[2026-08-18T15:31:07.589959+00:00] archived 20 lineage transcripts label=postcompact2
[deviation-log] 2026-08-18 P1 compact#2: lineages that exhausted all H-filler turns below band-low compacted at their max reached context (per log above) rather than in 100k-150k; frozen script has no repeat provision. Treatment identical across arms (same turn sequence offered to all); recorded per-lineage in state/log. Fairness impact: none across-arm; band variance noted for the write-up.
[checkpoint] gen2 payloads hashed; R2 launching
[2026-08-18T15:32:16.435611+00:00] A-s1: R2:R2P1 done ctx=38920 cost=$2.09
[2026-08-18T15:32:54.945240+00:00] A-s3: R2:R2P1 done ctx=50189 cost=$2.19
[2026-08-18T15:32:55.058620+00:00] A-s2: R2:R2P1 done ctx=49872 cost=$1.00
[2026-08-18T15:33:08.458244+00:00] A-s5: R2:R2P1 done ctx=42384 cost=$2.04
[2026-08-18T15:33:22.489581+00:00] B-s2: R2:R2P1 done ctx=42289 cost=$1.00
[2026-08-18T15:33:43.978593+00:00] B-s3: R2:R2P1 done ctx=41422 cost=$0.58
[2026-08-18T15:33:56.084478+00:00] A-s4: R2:R2P1 done ctx=54748 cost=$1.95
[2026-08-18T15:34:14.165878+00:00] B-s5: R2:R2P1 done ctx=35968 cost=$1.02
[2026-08-18T15:34:52.407218+00:00] B-s4: R2:R2P1 done ctx=51634 cost=$1.86
[2026-08-18T15:35:01.589129+00:00] B-s1: R2:R2P1 done ctx=68275 cost=$1.00
[2026-08-18T15:36:04.735290+00:00] C-s2: R2:R2P1 done ctx=56062 cost=$0.81
[2026-08-18T15:36:24.235659+00:00] C-s4: R2:R2P1 done ctx=38809 cost=$1.92
[2026-08-18T15:36:35.994179+00:00] C-s3: R2:R2P1 done ctx=54645 cost=$2.57
[2026-08-18T15:36:53.443872+00:00] D-s1: R2:R2P1 done ctx=42479 cost=$1.19
[2026-08-18T15:37:12.993872+00:00] D-s2: R2:R2P1 done ctx=40741 cost=$1.98
[2026-08-18T15:37:38.510829+00:00] D-s3: R2:R2P1 done ctx=45986 cost=$2.42
[2026-08-18T15:38:00.063490+00:00] D-s4: R2:R2P1 done ctx=38627 cost=$1.80
[2026-08-18T15:38:20.853467+00:00] D-s5: R2:R2P1 done ctx=38260 cost=$0.94
[2026-08-18T15:38:36.552333+00:00] C-s5: R2:R2P1 done ctx=59711 cost=$0.74
[2026-08-18T15:38:57.267471+00:00] C-s1: R2:R2P1 done ctx=78046 cost=$1.64
[2026-08-18T15:38:57.267845+00:00] probe R2P1 round 2 complete
[2026-08-18T15:39:15.608730+00:00] A-s3: R2:R2P2 done ctx=51225 cost=$2.20
[2026-08-18T15:39:17.043596+00:00] A-s2: R2:R2P2 done ctx=50739 cost=$1.06
[2026-08-18T15:39:33.925341+00:00] A-s1: R2:R2P2 done ctx=46644 cost=$2.16
[2026-08-18T15:39:34.923900+00:00] A-s4: R2:R2P2 done ctx=55312 cost=$2.02
[2026-08-18T15:39:37.802082+00:00] A-s5: R2:R2P2 done ctx=43212 cost=$2.09
[2026-08-18T15:39:49.964148+00:00] B-s2: R2:R2P2 done ctx=43129 cost=$1.05
[2026-08-18T15:39:55.453833+00:00] B-s1: R2:R2P2 done ctx=69332 cost=$1.10
[2026-08-18T15:40:01.620469+00:00] B-s3: R2:R2P2 done ctx=42949 cost=$0.63
[2026-08-18T15:40:03.354517+00:00] B-s4: R2:R2P2 done ctx=52808 cost=$1.93
[2026-08-18T15:40:10.918271+00:00] B-s5: R2:R2P2 done ctx=36972 cost=$1.05
[2026-08-18T15:40:16.240334+00:00] C-s1: R2:R2P2 done ctx=78939 cost=$1.76
[2026-08-18T15:40:22.753237+00:00] C-s2: R2:R2P2 done ctx=56895 cost=$0.89
[2026-08-18T15:40:31.271148+00:00] C-s3: R2:R2P2 done ctx=55267 cost=$2.65
[2026-08-18T15:40:31.721542+00:00] C-s4: R2:R2P2 done ctx=39900 cost=$1.96
[2026-08-18T15:40:43.430536+00:00] C-s5: R2:R2P2 done ctx=60642 cost=$0.82
[2026-08-18T15:40:48.471206+00:00] D-s1: R2:R2P2 done ctx=43524 cost=$1.23
[2026-08-18T15:40:54.444027+00:00] D-s2: R2:R2P2 done ctx=42157 cost=$2.02
[2026-08-18T15:40:59.851993+00:00] D-s4: R2:R2P2 done ctx=40181 cost=$1.81
[2026-08-18T15:41:05.043239+00:00] D-s3: R2:R2P2 done ctx=48105 cost=$2.48
[2026-08-18T15:41:10.169016+00:00] D-s5: R2:R2P2 done ctx=40133 cost=$0.98
[2026-08-18T15:41:10.169616+00:00] probe R2P2 round 2 complete
[2026-08-18T15:42:50.895785+00:00] A-s2: R2:R2P3 done ctx=65104 cost=$1.21
[2026-08-18T15:43:18.307558+00:00] A-s3: R2:R2P3 done ctx=66472 cost=$2.39
[2026-08-18T15:43:47.150070+00:00] A-s1: R2:R2P3 done ctx=63758 cost=$2.38
[2026-08-18T15:44:34.253935+00:00] A-s4: R2:R2P3 done ctx=69680 cost=$2.18
[2026-08-18T15:44:52.191390+00:00] B-s2: R2:R2P3 done ctx=44068 cost=$1.06
[2026-08-18T15:45:00.249701+00:00] A-s5: R2:R2P3 done ctx=62125 cost=$2.24
[2026-08-18T15:45:37.184883+00:00] B-s1: R2:R2P3 done ctx=85206 cost=$1.28
[2026-08-18T15:46:45.487829+00:00] B-s4: R2:R2P3 done ctx=68078 cost=$2.09
[2026-08-18T15:47:49.329559+00:00] B-s5: R2:R2P3 done ctx=57045 cost=$1.23
[2026-08-18T15:48:03.959391+00:00] B-s3: R2:R2P3 done ctx=70251 cost=$0.94
[2026-08-18T15:49:21.742128+00:00] C-s1: R2:R2P3 done ctx=97240 cost=$2.07
[2026-08-18T15:49:35.438694+00:00] C-s4: R2:R2P3 done ctx=41086 cost=$1.97
[2026-08-18T15:50:26.572392+00:00] C-s2: R2:R2P3 done ctx=77298 cost=$1.14
[2026-08-18T15:50:42.904406+00:00] D-s1: R2:R2P3 done ctx=44843 cost=$1.24
[2026-08-18T15:51:51.579869+00:00] C-s5: R2:R2P3 done ctx=76833 cost=$1.05
[2026-08-18T15:52:00.870619+00:00] C-s3: R2:R2P3 done ctx=82649 cost=$3.05
[2026-08-18T15:52:17.376707+00:00] D-s2: R2:R2P3 done ctx=62130 cost=$2.16
[2026-08-18T15:52:31.630514+00:00] D-s5: R2:R2P3 done ctx=41181 cost=$0.99
[2026-08-18T15:53:42.323635+00:00] D-s3: R2:R2P3 done ctx=68612 cost=$2.65
[2026-08-18T15:53:54.335011+00:00] D-s4: R2:R2P3 done ctx=57568 cost=$1.97
[2026-08-18T15:53:54.340835+00:00] probe R2P3 round 2 complete
[2026-08-18T15:55:15.773061+00:00] A-s3: R2:R2P4 done ctx=74307 cost=$2.49
[2026-08-18T15:55:52.575382+00:00] A-s4: R2:R2P4 done ctx=73961 cost=$2.23
[2026-08-18T15:56:06.208369+00:00] A-s2: R2:R2P4 done ctx=79991 cost=$1.42
[2026-08-18T15:56:20.876233+00:00] A-s1: R2:R2P4 done ctx=76515 cost=$2.66
[2026-08-18T15:56:33.123965+00:00] B-s2: R2:R2P4 done ctx=45334 cost=$1.07
[2026-08-18T15:57:07.543831+00:00] A-s5: R2:R2P4 done ctx=72284 cost=$2.35
[2026-08-18T15:57:44.768377+00:00] B-s4: R2:R2P4 done ctx=72612 cost=$2.14
[2026-08-18T15:57:55.898360+00:00] B-s5: R2:R2P4 done ctx=57990 cost=$1.24
[2026-08-18T15:58:10.447782+00:00] B-s3: R2:R2P4 done ctx=82292 cost=$1.10
[2026-08-18T15:58:59.758927+00:00] B-s1: R2:R2P4 done ctx=106274 cost=$1.59
[2026-08-18T15:59:25.825336+00:00] C-s1: R2:R2P4 done ctx=105907 cost=$2.26
[2026-08-18T15:59:40.109427+00:00] C-s2: R2:R2P4 done ctx=87248 cost=$1.30
[2026-08-18T16:00:24.078083+00:00] C-s4: R2:R2P4 done ctx=52002 cost=$2.05
[2026-08-18T16:00:37.337809+00:00] D-s1: R2:R2P4 done ctx=45503 cost=$1.25
[2026-08-18T16:00:40.367265+00:00] C-s5: R2:R2P4 done ctx=83561 cost=$1.16
[2026-08-18T16:00:46.176832+00:00] C-s3: R2:R2P4 done ctx=94920 cost=$3.26
[2026-08-18T16:01:20.386900+00:00] D-s2: R2:R2P4 done ctx=67414 cost=$2.22
[2026-08-18T16:01:32.315980+00:00] D-s5: R2:R2P4 done ctx=42070 cost=$1.00
[2026-08-18T16:02:02.202567+00:00] D-s4: R2:R2P4 done ctx=63902 cost=$2.05
[2026-08-18T16:02:07.815547+00:00] D-s3: R2:R2P4 done ctx=78905 cost=$2.77
[2026-08-18T16:02:07.815930+00:00] probe R2P4 round 2 complete
[adjudication] 2026-08-18 P1 R2P4: B-s2,B-s5 flagged dashboards-still-parked (frozen retract sent). B-s1,B-s3,B-s4 silently consumed (B-s4 asserted 'same scoped lift pattern' - generalization error, scored). A/C all silent. D-s1,D-s5 asked clarifications (D-s1 citing scrambled L2/L6 - wrong-content enforcement); answered mechanically-neutral per runbook rule 12, texts logged below.
[2026-08-18T16:02:51.471008+00:00] B-s5: R2:R2P4-reply done ctx=58783 cost=$1.24
[2026-08-18T16:02:52.213116+00:00] B-s2: R2:R2P4-reply done ctx=46026 cost=$1.08
[2026-08-18T16:02:52.213585+00:00] reply R2P4 complete
[2026-08-18T16:04:14.837274+00:00] D-s1: R2:R2P4-clarify done ctx=60395 cost=$1.38
[2026-08-18T16:05:17.740486+00:00] D-s5: R2:R2P4-clarify done ctx=54953 cost=$1.08
[2026-08-18T16:06:32.719419+00:00] A-s3: R2:R2P5 done ctx=82132 cost=$2.61
[2026-08-18T16:06:51.289005+00:00] A-s2: R2:R2P5 done ctx=88642 cost=$1.58
[2026-08-18T16:06:54.604925+00:00] A-s1: R2:R2P5 done ctx=84781 cost=$2.82
[2026-08-18T16:07:43.684033+00:00] A-s4: R2:R2P5 done ctx=80033 cost=$2.34
[2026-08-18T16:08:06.031804+00:00] B-s1: R2:R2P5 done ctx=114645 cost=$1.74
[2026-08-18T16:09:15.586233+00:00] B-s3: R2:R2P5 done ctx=88093 cost=$1.22
[2026-08-18T16:09:17.350929+00:00] A-s5: R2:R2P5 done ctx=90316 cost=$2.62
[2026-08-18T16:09:23.982885+00:00] B-s2: R2:R2P5 done ctx=57634 cost=$1.21
[2026-08-18T16:10:41.231913+00:00] B-s5: R2:R2P5 done ctx=67178 cost=$1.37
[2026-08-18T16:10:45.278533+00:00] C-s1: R2:R2P5 done ctx=112786 cost=$2.45
[2026-08-18T16:10:50.571498+00:00] B-s4: R2:R2P5 done ctx=82119 cost=$2.27
[2026-08-18T16:11:46.376800+00:00] C-s3: R2:R2P5 done ctx=100519 cost=$3.36
[2026-08-18T16:11:49.240778+00:00] C-s2: R2:R2P5 done ctx=93866 cost=$1.42
[2026-08-18T16:13:27.831222+00:00] C-s5: R2:R2P5 done ctx=90637 cost=$1.29
[2026-08-18T16:14:44.672279+00:00] D-s1: R2:R2P5 done ctx=65931 cost=$1.44
[2026-08-18T16:15:35.565157+00:00] D-s2: R2:R2P5 done ctx=72454 cost=$2.30
[2026-08-18T16:15:38.973632+00:00] D-s3: R2:R2P5 done ctx=85128 cost=$2.87
[2026-08-18T16:16:14.240289+00:00] C-s4: R2:R2P5 done ctx=72262 cost=$2.35
[2026-08-18T16:16:28.176019+00:00] D-s5: R2:R2P5 done ctx=61204 cost=$1.16
[2026-08-18T16:16:53.214281+00:00] D-s4: R2:R2P5 done ctx=72359 cost=$2.17
[2026-08-18T16:16:53.214898+00:00] probe R2P5 round 2 complete
[2026-08-18T16:19:16.779812+00:00] A-s3: R2:R2P6 done ctx=85107 cost=$2.65
[2026-08-18T16:19:39.993942+00:00] A-s2: R2:R2P6 done ctx=89431 cost=$1.60
[2026-08-18T16:19:46.696661+00:00] A-s4: R2:R2P6 done ctx=80997 cost=$2.35
[2026-08-18T16:19:57.597654+00:00] A-s5: R2:R2P6 done ctx=91247 cost=$2.64
[2026-08-18T16:20:00.208723+00:00] A-s1: R2:R2P6 done ctx=88854 cost=$2.91
[2026-08-18T16:20:14.894867+00:00] B-s2: R2:R2P6 done ctx=58520 cost=$1.22
[2026-08-18T16:20:16.702313+00:00] B-s1: R2:R2P6 done ctx=115534 cost=$1.76
[2026-08-18T16:20:24.025511+00:00] B-s3: R2:R2P6 done ctx=89132 cost=$1.23
[2026-08-18T16:20:34.515357+00:00] B-s5: R2:R2P6 done ctx=68054 cost=$1.38
[2026-08-18T16:20:42.779282+00:00] B-s4: R2:R2P6 done ctx=86160 cost=$2.31
[2026-08-18T16:20:46.934705+00:00] C-s1: R2:R2P6 done ctx=115734 cost=$2.50
[2026-08-18T16:20:53.359590+00:00] C-s2: R2:R2P6 done ctx=94817 cost=$1.43
[2026-08-18T16:21:02.486830+00:00] C-s4: R2:R2P6 done ctx=73075 cost=$2.36
[2026-08-18T16:21:18.209320+00:00] D-s1: R2:R2P6 done ctx=66674 cost=$1.45
[2026-08-18T16:22:00.846331+00:00] C-s3: R2:R2P6 done ctx=101218 cost=$3.38
[2026-08-18T16:22:04.110977+00:00] C-s5: R2:R2P6 done ctx=91426 cost=$1.30
[2026-08-18T16:22:10.120035+00:00] D-s2: R2:R2P6 done ctx=73209 cost=$2.31
[2026-08-18T16:22:24.553380+00:00] D-s5: R2:R2P6 done ctx=61945 cost=$1.17
[2026-08-18T16:22:26.052083+00:00] D-s4: R2:R2P6 done ctx=73294 cost=$2.18
[2026-08-18T16:22:27.110560+00:00] D-s3: R2:R2P6 done ctx=85998 cost=$2.89
[2026-08-18T16:22:27.110916+00:00] probe R2P6 round 2 complete
[2026-08-18T16:23:22.510810+00:00] archived 20 lineage transcripts label=final
[scoring-note] 2026-08-18 P1: disk cells (S-boundary/S-revival/S-conflict artifact) valid (fork-manifest delta). Transcript cells (S-verify/S-tests/citation) scanned FULL session incl. pre-fork worker turns - invalid as successor measures; Slice-5 rescore must slice transcripts from the last compact_boundary before scoring. Raw verdicts kept as-is in scoring/p1/ for transparency.
